<?xml version="1.0" encoding="UTF-8"?>
<testng-results ignored="0" total="12" passed="12" failed="0" skipped="0">
  <reporter-output>
  </reporter-output>
  <suite started-at="2023-11-28T11:29:05 IST" name="Tests for QTrip Regression" finished-at="2023-11-28T11:35:41 IST" duration-ms="395361">
    <groups>
      <group name="Booking and Cancellation Flow">
        <method signature="testCase_03.TestCase03(java.lang.String,java.lang.String,java.lang.String,java.lang.String,java.lang.String,java.lang.String,java.lang.String,java.lang.String)[pri:3, instance:qtriptest.tests.testCase_03@6fa51cd4]" name="TestCase03" class="qtriptest.tests.testCase_03"/>
      </group> <!-- Booking and Cancellation Flow -->
      <group name="Reliability Flow">
        <method signature="testCase_04.TestCase04(java.lang.String,java.lang.String,java.lang.String,java.lang.String,java.lang.String,java.lang.String)[pri:4, instance:qtriptest.tests.testCase_04@2767e23c]" name="TestCase04" class="qtriptest.tests.testCase_04"/>
      </group> <!-- Reliability Flow -->
      <group name="Search and Filter flow">
        <method signature="testCase_02.TestCase02(java.lang.String,java.lang.String,java.lang.String,java.lang.String,java.lang.String,java.lang.String)[pri:2, instance:qtriptest.tests.testCase_02@402c4085]" name="TestCase02" class="qtriptest.tests.testCase_02"/>
      </group> <!-- Search and Filter flow -->
      <group name="Login Flow">
        <method signature="testCase_01.TestCase01(java.lang.String,java.lang.String,java.lang.String)[pri:1, instance:qtriptest.tests.testCase_01@273444fe]" name="TestCase01" class="qtriptest.tests.testCase_01"/>
      </group> <!-- Login Flow -->
    </groups>
    <test started-at="2023-11-28T11:29:05 IST" name="Test Execution using testNG" finished-at="2023-11-28T11:35:41 IST" duration-ms="395361">
      <class name="qtriptest.tests.testCase_01">
        <test-method is-config="true" signature="setUp()[pri:0, instance:qtriptest.tests.testCase_01@273444fe]" started-at="2023-11-28T11:29:05 IST" name="setUp" finished-at="2023-11-28T11:29:08 IST" duration-ms="3147" status="PASS">
          <reporter-output>
          </reporter-output>
        </test-method> <!-- setUp -->
        <test-method signature="TestCase01(java.lang.String,java.lang.String,java.lang.String)[pri:1, instance:qtriptest.tests.testCase_01@273444fe]" started-at="2023-11-28T11:29:11 IST" name="TestCase01" description="testCase_01" data-provider="userData" finished-at="2023-11-28T11:29:24 IST" duration-ms="13014" status="PASS">
          <params>
            <param index="0">
              <value>
                <![CDATA[1.0]]>
              </value>
            </param>
            <param index="1">
              <value>
                <![CDATA[testuser@gmail.com]]>
              </value>
            </param>
            <param index="2">
              <value>
                <![CDATA[abc@123]]>
              </value>
            </param>
          </params>
          <reporter-output>
          </reporter-output>
        </test-method> <!-- TestCase01 -->
        <test-method signature="TestCase01(java.lang.String,java.lang.String,java.lang.String)[pri:1, instance:qtriptest.tests.testCase_01@273444fe]" started-at="2023-11-28T11:29:24 IST" name="TestCase01" description="testCase_01" data-provider="userData" finished-at="2023-11-28T11:29:37 IST" duration-ms="13373" status="PASS">
          <params>
            <param index="0">
              <value>
                <![CDATA[2.0]]>
              </value>
            </param>
            <param index="1">
              <value>
                <![CDATA[TESTUSER@gmail.com]]>
              </value>
            </param>
            <param index="2">
              <value>
                <![CDATA[123456.0]]>
              </value>
            </param>
          </params>
          <reporter-output>
          </reporter-output>
        </test-method> <!-- TestCase01 -->
        <test-method signature="TestCase01(java.lang.String,java.lang.String,java.lang.String)[pri:1, instance:qtriptest.tests.testCase_01@273444fe]" started-at="2023-11-28T11:29:37 IST" name="TestCase01" description="testCase_01" data-provider="userData" finished-at="2023-11-28T11:29:51 IST" duration-ms="13226" status="PASS">
          <params>
            <param index="0">
              <value>
                <![CDATA[3.0]]>
              </value>
            </param>
            <param index="1">
              <value>
                <![CDATA[123_USER_low@gmail.com]]>
              </value>
            </param>
            <param index="2">
              <value>
                <![CDATA[QWERTY!!!!]]>
              </value>
            </param>
          </params>
          <reporter-output>
          </reporter-output>
        </test-method> <!-- TestCase01 -->
        <test-method is-config="true" signature="tearDown()[pri:0, instance:qtriptest.tests.testCase_01@273444fe]" started-at="2023-11-28T11:35:40 IST" name="tearDown" finished-at="2023-11-28T11:35:41 IST" duration-ms="75" status="PASS">
          <reporter-output>
          </reporter-output>
        </test-method> <!-- tearDown -->
      </class> <!-- qtriptest.tests.testCase_01 -->
      <class name="qtriptest.tests.testCase_04">
        <test-method is-config="true" signature="setUp()[pri:0, instance:qtriptest.tests.testCase_04@2767e23c]" started-at="2023-11-28T11:29:09 IST" name="setUp" finished-at="2023-11-28T11:29:09 IST" duration-ms="29" status="PASS">
          <reporter-output>
          </reporter-output>
        </test-method> <!-- setUp -->
        <test-method signature="TestCase04(java.lang.String,java.lang.String,java.lang.String,java.lang.String,java.lang.String,java.lang.String)[pri:4, instance:qtriptest.tests.testCase_04@2767e23c]" started-at="2023-11-28T11:32:43 IST" name="TestCase04" description="testCase_04" data-provider="userData" finished-at="2023-11-28T11:33:42 IST" duration-ms="59824" status="PASS">
          <params>
            <param index="0">
              <value>
                <![CDATA[1]]>
              </value>
            </param>
            <param index="1">
              <value>
                <![CDATA[TC4_1@gmail.com]]>
              </value>
            </param>
            <param index="2">
              <value>
                <![CDATA[abc@123]]>
              </value>
            </param>
            <param index="3">
              <value>
                <![CDATA[Bengaluru;Niaboytown;Chicky;01-01-2025;2]]>
              </value>
            </param>
            <param index="4">
              <value>
                <![CDATA[Kolkata;Thton;Cha Cha;01-02-2025;3]]>
              </value>
            </param>
            <param index="5">
              <value>
                <![CDATA[Malaysia;Wootkentree;Bom Bom;02-12-2025;1]]>
              </value>
            </param>
          </params>
          <reporter-output>
          </reporter-output>
        </test-method> <!-- TestCase04 -->
        <test-method signature="TestCase04(java.lang.String,java.lang.String,java.lang.String,java.lang.String,java.lang.String,java.lang.String)[pri:4, instance:qtriptest.tests.testCase_04@2767e23c]" started-at="2023-11-28T11:33:42 IST" name="TestCase04" description="testCase_04" data-provider="userData" finished-at="2023-11-28T11:34:41 IST" duration-ms="58993" status="PASS">
          <params>
            <param index="0">
              <value>
                <![CDATA[2]]>
              </value>
            </param>
            <param index="1">
              <value>
                <![CDATA[TC4_2@gmail.com]]>
              </value>
            </param>
            <param index="2">
              <value>
                <![CDATA[abc@321]]>
              </value>
            </param>
            <param index="3">
              <value>
                <![CDATA[Bengaluru;Fort Sionnnn;Chicky;01-01-2025;2]]>
              </value>
            </param>
            <param index="4">
              <value>
                <![CDATA[Kolkata;North Gelgoon;Cha Cha;01-02-2025;3]]>
              </value>
            </param>
            <param index="5">
              <value>
                <![CDATA[Malaysia;Wootkentree;Lya;02-12-2025;1]]>
              </value>
            </param>
          </params>
          <reporter-output>
          </reporter-output>
        </test-method> <!-- TestCase04 -->
        <test-method signature="TestCase04(java.lang.String,java.lang.String,java.lang.String,java.lang.String,java.lang.String,java.lang.String)[pri:4, instance:qtriptest.tests.testCase_04@2767e23c]" started-at="2023-11-28T11:34:41 IST" name="TestCase04" description="testCase_04" data-provider="userData" finished-at="2023-11-28T11:35:40 IST" duration-ms="59128" status="PASS">
          <params>
            <param index="0">
              <value>
                <![CDATA[3]]>
              </value>
            </param>
            <param index="1">
              <value>
                <![CDATA[TC4_3@gmail.com]]>
              </value>
            </param>
            <param index="2">
              <value>
                <![CDATA[abc@321]]>
              </value>
            </param>
            <param index="3">
              <value>
                <![CDATA[Goa;Perthby;Chicky;01-01-2025;2]]>
              </value>
            </param>
            <param index="4">
              <value>
                <![CDATA[Bengaluru;Niaboytown;Chicky;01-01-2025;2]]>
              </value>
            </param>
            <param index="5">
              <value>
                <![CDATA[Bengaluru;Fort Sionnnn;Chicky;01-01-2025;2]]>
              </value>
            </param>
          </params>
          <reporter-output>
          </reporter-output>
        </test-method> <!-- TestCase04 -->
        <test-method is-config="true" signature="tearDown()[pri:0, instance:qtriptest.tests.testCase_04@2767e23c]" started-at="2023-11-28T11:35:41 IST" name="tearDown" finished-at="2023-11-28T11:35:41 IST" duration-ms="1" status="PASS">
          <reporter-output>
          </reporter-output>
        </test-method> <!-- tearDown -->
      </class> <!-- qtriptest.tests.testCase_04 -->
      <class name="qtriptest.tests.testCase_03">
        <test-method is-config="true" signature="setUp()[pri:0, instance:qtriptest.tests.testCase_03@6fa51cd4]" started-at="2023-11-28T11:29:09 IST" name="setUp" finished-at="2023-11-28T11:29:09 IST" duration-ms="47" status="PASS">
          <reporter-output>
          </reporter-output>
        </test-method> <!-- setUp -->
        <test-method signature="TestCase03(java.lang.String,java.lang.String,java.lang.String,java.lang.String,java.lang.String,java.lang.String,java.lang.String,java.lang.String)[pri:3, instance:qtriptest.tests.testCase_03@6fa51cd4]" started-at="2023-11-28T11:30:51 IST" name="TestCase03" description="testCase_03" data-provider="userData" finished-at="2023-11-28T11:31:28 IST" duration-ms="37253" status="PASS">
          <params>
            <param index="0">
              <value>
                <![CDATA[1.0]]>
              </value>
            </param>
            <param index="1">
              <value>
                <![CDATA[TC3_1@gmaill.com]]>
              </value>
            </param>
            <param index="2">
              <value>
                <![CDATA[abc@123]]>
              </value>
            </param>
            <param index="3">
              <value>
                <![CDATA[Bengaluru]]>
              </value>
            </param>
            <param index="4">
              <value>
                <![CDATA[Niaboytown]]>
              </value>
            </param>
            <param index="5">
              <value>
                <![CDATA[palam]]>
              </value>
            </param>
            <param index="6">
              <value>
                <![CDATA[16-11-2025]]>
              </value>
            </param>
            <param index="7">
              <value>
                <![CDATA[2]]>
              </value>
            </param>
          </params>
          <reporter-output>
          </reporter-output>
        </test-method> <!-- TestCase03 -->
        <test-method signature="TestCase03(java.lang.String,java.lang.String,java.lang.String,java.lang.String,java.lang.String,java.lang.String,java.lang.String,java.lang.String)[pri:3, instance:qtriptest.tests.testCase_03@6fa51cd4]" started-at="2023-11-28T11:31:28 IST" name="TestCase03" description="testCase_03" data-provider="userData" finished-at="2023-11-28T11:32:05 IST" duration-ms="36955" status="PASS">
          <params>
            <param index="0">
              <value>
                <![CDATA[2.0]]>
              </value>
            </param>
            <param index="1">
              <value>
                <![CDATA[TC3_2@gmail.com]]>
              </value>
            </param>
            <param index="2">
              <value>
                <![CDATA[abc@123]]>
              </value>
            </param>
            <param index="3">
              <value>
                <![CDATA[Singapore]]>
              </value>
            </param>
            <param index="4">
              <value>
                <![CDATA[Grand Ashland]]>
              </value>
            </param>
            <param index="5">
              <value>
                <![CDATA[biden]]>
              </value>
            </param>
            <param index="6">
              <value>
                <![CDATA[26-11-2025]]>
              </value>
            </param>
            <param index="7">
              <value>
                <![CDATA[4]]>
              </value>
            </param>
          </params>
          <reporter-output>
          </reporter-output>
        </test-method> <!-- TestCase03 -->
        <test-method signature="TestCase03(java.lang.String,java.lang.String,java.lang.String,java.lang.String,java.lang.String,java.lang.String,java.lang.String,java.lang.String)[pri:3, instance:qtriptest.tests.testCase_03@6fa51cd4]" started-at="2023-11-28T11:32:05 IST" name="TestCase03" description="testCase_03" data-provider="userData" finished-at="2023-11-28T11:32:42 IST" duration-ms="37023" status="PASS">
          <params>
            <param index="0">
              <value>
                <![CDATA[3.0]]>
              </value>
            </param>
            <param index="1">
              <value>
                <![CDATA[TC3_3@gmail.com]]>
              </value>
            </param>
            <param index="2">
              <value>
                <![CDATA[abc@123]]>
              </value>
            </param>
            <param index="3">
              <value>
                <![CDATA[Bangkok]]>
              </value>
            </param>
            <param index="4">
              <value>
                <![CDATA[Tifwales Ferry]]>
              </value>
            </param>
            <param index="5">
              <value>
                <![CDATA[prabhu]]>
              </value>
            </param>
            <param index="6">
              <value>
                <![CDATA[26-12-2025]]>
              </value>
            </param>
            <param index="7">
              <value>
                <![CDATA[1]]>
              </value>
            </param>
          </params>
          <reporter-output>
          </reporter-output>
        </test-method> <!-- TestCase03 -->
        <test-method is-config="true" signature="tearDown()[pri:0, instance:qtriptest.tests.testCase_03@6fa51cd4]" started-at="2023-11-28T11:35:41 IST" name="tearDown" finished-at="2023-11-28T11:35:41 IST" duration-ms="1" status="PASS">
          <reporter-output>
          </reporter-output>
        </test-method> <!-- tearDown -->
      </class> <!-- qtriptest.tests.testCase_03 -->
      <class name="qtriptest.tests.testCase_02">
        <test-method is-config="true" signature="setUp()[pri:0, instance:qtriptest.tests.testCase_02@402c4085]" started-at="2023-11-28T11:29:08 IST" name="setUp" finished-at="2023-11-28T11:29:09 IST" duration-ms="47" status="PASS">
          <reporter-output>
          </reporter-output>
        </test-method> <!-- setUp -->
        <test-method signature="TestCase02(java.lang.String,java.lang.String,java.lang.String,java.lang.String,java.lang.String,java.lang.String)[pri:2, instance:qtriptest.tests.testCase_02@402c4085]" started-at="2023-11-28T11:29:51 IST" name="TestCase02" description="testCase_02" data-provider="userData" finished-at="2023-11-28T11:30:11 IST" duration-ms="20079" status="PASS">
          <params>
            <param index="0">
              <value>
                <![CDATA[1.0]]>
              </value>
            </param>
            <param index="1">
              <value>
                <![CDATA[Bengaluru]]>
              </value>
            </param>
            <param index="2">
              <value>
                <![CDATA[Cycling Routes]]>
              </value>
            </param>
            <param index="3">
              <value>
                <![CDATA[6-12 Hours]]>
              </value>
            </param>
            <param index="4">
              <value>
                <![CDATA[1]]>
              </value>
            </param>
            <param index="5">
              <value>
                <![CDATA[9]]>
              </value>
            </param>
          </params>
          <reporter-output>
          </reporter-output>
        </test-method> <!-- TestCase02 -->
        <test-method signature="TestCase02(java.lang.String,java.lang.String,java.lang.String,java.lang.String,java.lang.String,java.lang.String)[pri:2, instance:qtriptest.tests.testCase_02@402c4085]" started-at="2023-11-28T11:30:11 IST" name="TestCase02" description="testCase_02" data-provider="userData" finished-at="2023-11-28T11:30:31 IST" duration-ms="19882" status="PASS">
          <params>
            <param index="0">
              <value>
                <![CDATA[2.0]]>
              </value>
            </param>
            <param index="1">
              <value>
                <![CDATA[Singapore]]>
              </value>
            </param>
            <param index="2">
              <value>
                <![CDATA[Hillside Getaways]]>
              </value>
            </param>
            <param index="3">
              <value>
                <![CDATA[6-12 Hours]]>
              </value>
            </param>
            <param index="4">
              <value>
                <![CDATA[1]]>
              </value>
            </param>
            <param index="5">
              <value>
                <![CDATA[8]]>
              </value>
            </param>
          </params>
          <reporter-output>
          </reporter-output>
        </test-method> <!-- TestCase02 -->
        <test-method signature="TestCase02(java.lang.String,java.lang.String,java.lang.String,java.lang.String,java.lang.String,java.lang.String)[pri:2, instance:qtriptest.tests.testCase_02@402c4085]" started-at="2023-11-28T11:30:31 IST" name="TestCase02" description="testCase_02" data-provider="userData" finished-at="2023-11-28T11:30:51 IST" duration-ms="20088" status="PASS">
          <params>
            <param index="0">
              <value>
                <![CDATA[3.0]]>
              </value>
            </param>
            <param index="1">
              <value>
                <![CDATA[Goa]]>
              </value>
            </param>
            <param index="2">
              <value>
                <![CDATA[Party Spots]]>
              </value>
            </param>
            <param index="3">
              <value>
                <![CDATA[2-6 Hours]]>
              </value>
            </param>
            <param index="4">
              <value>
                <![CDATA[1]]>
              </value>
            </param>
            <param index="5">
              <value>
                <![CDATA[11]]>
              </value>
            </param>
          </params>
          <reporter-output>
          </reporter-output>
        </test-method> <!-- TestCase02 -->
        <test-method is-config="true" signature="tearDown()[pri:0, instance:qtriptest.tests.testCase_02@402c4085]" started-at="2023-11-28T11:35:41 IST" name="tearDown" finished-at="2023-11-28T11:35:41 IST" duration-ms="4" status="PASS">
          <reporter-output>
          </reporter-output>
        </test-method> <!-- tearDown -->
      </class> <!-- qtriptest.tests.testCase_02 -->
    </test> <!-- Test Execution using testNG -->
  </suite> <!-- Tests for QTrip Regression -->
</testng-results>
